This is pdfTeX, Version 3.141592653-2.6-1.40.29 (MiKTeX 26.5) (preloaded format=pdflatex 2026.8.28)  1 SEP 2026 16:29
entering extended mode
 restricted \write18 enabled.
 %&-line parsing enabled.
**./DiffuChannel_benchmark.tex
(DiffuChannel_benchmark.tex
LaTeX2e <2026-06-01>
L3 programming layer <2026-05-26>
(C:\Program Files\MiKTeX 25.12\tex/latex/base\article.cls
Document Class: article 2025/01/22 v1.4n Standard LaTeX document class
(C:\Program Files\MiKTeX 25.12\tex/latex/base\size10.clo
File: size10.clo 2025/01/22 v1.4n Standard LaTeX file (size option)
)
\c@part=\count276
\c@section=\count277
\c@subsection=\count278
\c@subsubsection=\count279
\c@paragraph=\count280
\c@subparagraph=\count281
\c@figure=\count282
\c@table=\count283
\abovecaptionskip=\skip49
\belowcaptionskip=\skip50
\bibindent=\dimen150
) (C:\Program Files\MiKTeX 25.12\tex/latex/amsmath\amsmath.sty
Package: amsmath 2026/05/19 v2.18d AMS math features
\@mathmargin=\skip51
For additional information on amsmath, use the `?' option.
(C:\Program Files\MiKTeX 25.12\tex/latex/amsmath\amstext.sty
Package: amstext 2024/11/17 v2.01 AMS text
(C:\Program Files\MiKTeX 25.12\tex/latex/amsmath\amsgen.sty
File: amsgen.sty 1999/11/30 v2.0 generic functions
\@emptytoks=\toks17
\ex@=\dimen151
)) (C:\Program Files\MiKTeX 25.12\tex/latex/amsmath\amsbsy.sty
Package: amsbsy 1999/11/29 v1.2d Bold Symbols
\pmbraise@=\dimen152
) (C:\Program Files\MiKTeX 25.12\tex/latex/amsmath\amsopn.sty
Package: amsopn 2022/04/08 v2.04 operator names
)
\inf@bad=\count284
LaTeX Info: Redefining \frac on input line 233.
\uproot@=\count285
\leftroot@=\count286
LaTeX Info: Redefining \overline on input line 398.
LaTeX Info: Redefining \colon on input line 409.
\classnum@=\count287
\DOTSCASE@=\count288
LaTeX Info: Redefining \ldots on input line 495.
LaTeX Info: Redefining \dots on input line 498.
LaTeX Info: Redefining \cdots on input line 619.
\Mathstrutbox@=\box53
\strutbox@=\box54
LaTeX Info: Redefining \big on input line 721.
LaTeX Info: Redefining \Big on input line 722.
LaTeX Info: Redefining \bigg on input line 723.
LaTeX Info: Redefining \Bigg on input line 724.
\big@size=\dimen153
LaTeX Font Info:    Redeclaring font encoding OML on input line 742.
LaTeX Font Info:    Redeclaring font encoding OMS on input line 743.
\macc@depth=\count289
LaTeX Info: Redefining \bmod on input line 904.
LaTeX Info: Redefining \pmod on input line 909.
LaTeX Info: Redefining \smash on input line 939.
LaTeX Info: Redefining \relbar on input line 969.
LaTeX Info: Redefining \Relbar on input line 970.
\c@MaxMatrixCols=\count290
\dotsspace@=\muskip17
\c@parentequation=\count291
\dspbrk@lvl=\count292
\tag@help=\toks18
\row@=\count293
\column@=\count294
\maxfields@=\count295
\andhelp@=\toks19
\eqnshift@=\dimen154
\alignsep@=\dimen155
\tagshift@=\dimen156
\tagwidth@=\dimen157
\totwidth@=\dimen158
\lineht@=\dimen159
\@envbody=\toks20
\multlinegap=\skip52
\multlinetaggap=\skip53
\mathdisplay@stack=\toks21
LaTeX Info: Redefining \[ on input line 2965.
LaTeX Info: Redefining \] on input line 2966.
) (C:\Program Files\MiKTeX 25.12\tex/latex/amsfonts\amssymb.sty
Package: amssymb 2013/01/14 v3.01 AMS font symbols
(C:\Program Files\MiKTeX 25.12\tex/latex/amsfonts\amsfonts.sty
Package: amsfonts 2013/01/14 v3.01 Basic AMSFonts support
\symAMSa=\mathgroup4
\symAMSb=\mathgroup5
LaTeX Font Info:    Redeclaring math symbol \hbar on input line 98.
LaTeX Font Info:    Overwriting math alphabet `\mathfrak' in version `bold'
(Font)                  U/euf/m/n --> U/euf/b/n on input line 106.
)) (C:\Program Files\MiKTeX 25.12\tex/generic/iftex\iftex.sty
Package: iftex 2024/12/12 v1.0g TeX engine tests
) (C:\Program Files\MiKTeX 25.12\tex/latex/base\fontenc.sty
Package: fontenc 2025/07/18 v2.1d Standard LaTeX package
) (C:\Program Files\MiKTeX 25.12\tex/latex/base\inputenc.sty
Package: inputenc 2024/02/08 v1.3d Input encoding file
\inpenc@prehook=\toks22
\inpenc@posthook=\toks23
) (C:\Program Files\MiKTeX 25.12\tex/latex/base\textcomp.sty
Package: textcomp 2024/04/24 v2.1b Standard LaTeX package
) (C:\Program Files\MiKTeX 25.12\tex/latex/lm\lmodern.sty
Package: lmodern 2015/05/01 v1.6.1 Latin Modern Fonts
LaTeX Font Info:    Overwriting symbol font `operators' in version `normal'
(Font)                  OT1/cmr/m/n --> OT1/lmr/m/n on input line 22.
LaTeX Font Info:    Overwriting symbol font `letters' in version `normal'
(Font)                  OML/cmm/m/it --> OML/lmm/m/it on input line 23.
LaTeX Font Info:    Overwriting symbol font `symbols' in version `normal'
(Font)                  OMS/cmsy/m/n --> OMS/lmsy/m/n on input line 24.
LaTeX Font Info:    Overwriting symbol font `largesymbols' in version `normal'
(Font)                  OMX/cmex/m/n --> OMX/lmex/m/n on input line 25.
LaTeX Font Info:    Overwriting symbol font `operators' in version `bold'
(Font)                  OT1/cmr/bx/n --> OT1/lmr/bx/n on input line 26.
LaTeX Font Info:    Overwriting symbol font `letters' in version `bold'
(Font)                  OML/cmm/b/it --> OML/lmm/b/it on input line 27.
LaTeX Font Info:    Overwriting symbol font `symbols' in version `bold'
(Font)                  OMS/cmsy/b/n --> OMS/lmsy/b/n on input line 28.
LaTeX Font Info:    Overwriting symbol font `largesymbols' in version `bold'
(Font)                  OMX/cmex/m/n --> OMX/lmex/m/n on input line 29.
LaTeX Font Info:    Overwriting math alphabet `\mathbf' in version `normal'
(Font)                  OT1/cmr/bx/n --> OT1/lmr/bx/n on input line 31.
LaTeX Font Info:    Overwriting math alphabet `\mathsf' in version `normal'
(Font)                  OT1/cmss/m/n --> OT1/lmss/m/n on input line 32.
LaTeX Font Info:    Overwriting math alphabet `\mathit' in version `normal'
(Font)                  OT1/cmr/m/it --> OT1/lmr/m/it on input line 33.
LaTeX Font Info:    Overwriting math alphabet `\mathtt' in version `normal'
(Font)                  OT1/cmtt/m/n --> OT1/lmtt/m/n on input line 34.
LaTeX Font Info:    Overwriting math alphabet `\mathbf' in version `bold'
(Font)                  OT1/cmr/bx/n --> OT1/lmr/bx/n on input line 35.
LaTeX Font Info:    Overwriting math alphabet `\mathsf' in version `bold'
(Font)                  OT1/cmss/bx/n --> OT1/lmss/bx/n on input line 36.
LaTeX Font Info:    Overwriting math alphabet `\mathit' in version `bold'
(Font)                  OT1/cmr/bx/it --> OT1/lmr/bx/it on input line 37.
LaTeX Font Info:    Overwriting math alphabet `\mathtt' in version `bold'
(Font)                  OT1/cmtt/m/n --> OT1/lmtt/m/n on input line 38.
) (C:\Program Files\MiKTeX 25.12\tex/latex/upquote\upquote.sty
Package: upquote 2012/04/19 v1.3 upright-quote and grave-accent glyphs in verba
tim
) (C:\Program Files\MiKTeX 25.12\tex/latex/microtype\microtype.sty
Package: microtype 2026/03/01 v3.2d Micro-typographical refinements (RS)
(C:\Program Files\MiKTeX 25.12\tex/latex/graphics\keyval.sty
Package: keyval 2026-05-17 v1.15 key=value parser (DPC)
\KV@toks@=\toks24
) (C:\Program Files\MiKTeX 25.12\tex/latex/etoolbox\etoolbox.sty
Package: etoolbox 2025/10/02 v2.5m e-TeX tools for LaTeX (JAW)
\etb@tempcnta=\count296
)
\MT@toks=\toks25
\MT@tempbox=\box55
\MT@count=\count297
LaTeX Info: Redefining \noprotrusionifhmode on input line 1084.
LaTeX Info: Redefining \leftprotrusion on input line 1085.
\MT@prot@toks=\toks26
LaTeX Info: Redefining \rightprotrusion on input line 1104.
LaTeX Info: Redefining \textls on input line 1449.
\MT@outer@kern=\dimen160
LaTeX Info: Redefining \microtypecontext on input line 2053.
LaTeX Info: Redefining \textmicrotypecontext on input line 2070.
\MT@listname@count=\count298
(C:\Program Files\MiKTeX 25.12\tex/latex/microtype\microtype-pdftex.def
File: microtype-pdftex.def 2026/03/01 v3.2d Definitions specific to pdftex (RS)

LaTeX Info: Redefining \lsstyle on input line 944.
LaTeX Info: Redefining \lslig on input line 944.
\MT@outer@space=\skip54
)
Package microtype Info: Loading configuration file microtype.cfg.
(C:\Program Files\MiKTeX 25.12\tex/latex/microtype\microtype.cfg
File: microtype.cfg 2026/03/01 v3.2d microtype main configuration file (RS)
)
LaTeX Info: Redefining \microtypesetup on input line 3065.
) (C:\Program Files\MiKTeX 25.12\tex/latex/parskip\parskip.sty
Package: parskip 2021-03-14 v2.0h non-zero parskip adjustments
(C:\Program Files\MiKTeX 25.12\tex/latex/kvoptions\kvoptions.sty
Package: kvoptions 2022-06-15 v3.15 Key value format for package options (HO)
(C:\Program Files\MiKTeX 25.12\tex/generic/ltxcmds\ltxcmds.sty
Package: ltxcmds 2023-12-04 v1.26 LaTeX kernel commands for general use (HO)
) (C:\Program Files\MiKTeX 25.12\tex/latex/kvsetkeys\kvsetkeys.sty
Package: kvsetkeys 2022-10-05 v1.19 Key value parser (HO)
))) (C:\Program Files\MiKTeX 25.12\tex/latex/xcolor\xcolor.sty
Package: xcolor 2024/09/29 v3.02 LaTeX color extensions (UK)
(C:\Program Files\MiKTeX 25.12\tex/latex/graphics-cfg\color.cfg
File: color.cfg 2016/01/02 v1.6 sample color configuration
)
Package xcolor Info: Driver file: pdftex.def on input line 274.
(C:\Program Files\MiKTeX 25.12\tex/latex/graphics-def\pdftex.def
File: pdftex.def 2025/09/29 v1.2d Graphics/color driver for pdftex
) (C:\Program Files\MiKTeX 25.12\tex/latex/graphics\mathcolor.ltx)
Package xcolor Info: Model `cmy' substituted by `cmy0' on input line 1349.
Package xcolor Info: Model `hsb' substituted by `rgb' on input line 1353.
Package xcolor Info: Model `RGB' extended on input line 1365.
Package xcolor Info: Model `HTML' substituted by `rgb' on input line 1367.
Package xcolor Info: Model `Hsb' substituted by `hsb' on input line 1368.
Package xcolor Info: Model `tHsb' substituted by `hsb' on input line 1369.
Package xcolor Info: Model `HSB' substituted by `hsb' on input line 1370.
Package xcolor Info: Model `Gray' substituted by `gray' on input line 1371.
Package xcolor Info: Model `wave' substituted by `hsb' on input line 1372.
) (C:\Program Files\MiKTeX 25.12\tex/latex/geometry\geometry.sty
Package: geometry 2026/03/07 v6.0 Page Geometry
(C:\Program Files\MiKTeX 25.12\tex/generic/iftex\ifvtex.sty
Package: ifvtex 2019/10/25 v1.7 ifvtex legacy package. Use iftex instead.
)
\Gm@cnth=\count299
\Gm@cntv=\count300
\c@Gm@tempcnt=\count301
\Gm@bindingoffset=\dimen161
\Gm@wd@mp=\dimen162
\Gm@odd@mp=\dimen163
\Gm@even@mp=\dimen164
\Gm@layoutwidth=\dimen165
\Gm@layoutheight=\dimen166
\Gm@layouthoffset=\dimen167
\Gm@layoutvoffset=\dimen168
\Gm@dimlist=\toks27
(C:\Program Files\MiKTeX 25.12\tex/latex/geometry\geometry.cfg)) (C:\Program Fi
les\MiKTeX 25.12\tex/latex/fancyvrb\fancyvrb.sty
Package: fancyvrb 2026/04/16 4.6a verbatim text (tvz,hv)
\FV@CodeLineNo=\count302
\FV@InFile=\read2
\FV@TabBox=\box56
\c@FancyVerbLine=\count303
\FV@StepNumber=\count304
\FV@OutFile=\write3
) (C:\Program Files\MiKTeX 25.12\tex/latex/framed\framed.sty
Package: framed 2011/10/22 v 0.96: framed or shaded text with page breaks
\OuterFrameSep=\skip55
\fb@frw=\dimen169
\fb@frh=\dimen170
\FrameRule=\dimen171
\FrameSep=\dimen172
) (C:\Program Files\MiKTeX 25.12\tex/latex/graphics\graphicx.sty
Package: graphicx 2026-05-17 v1.2e Enhanced LaTeX Graphics (DPC,SPQR)
(C:\Program Files\MiKTeX 25.12\tex/latex/graphics\graphics.sty
Package: graphics 2026-05-17 v1.4h Standard LaTeX Graphics (DPC,SPQR)
(C:\Program Files\MiKTeX 25.12\tex/latex/graphics\trig.sty
Package: trig 2023/12/02 v1.11 sin cos tan (DPC)
) (C:\Program Files\MiKTeX 25.12\tex/latex/graphics-cfg\graphics.cfg
File: graphics.cfg 2016/06/04 v1.11 sample graphics configuration
)
Package graphics Info: Driver file: pdftex.def on input line 106.
)
\Gin@req@height=\dimen173
\Gin@req@width=\dimen174
)
\pandoc@box=\box57
(C:\Program Files\MiKTeX 25.12\tex/latex/booktabs\booktabs.sty
Package: booktabs 2020/01/12 v1.61803398 Publication quality tables
\heavyrulewidth=\dimen175
\lightrulewidth=\dimen176
\cmidrulewidth=\dimen177
\belowrulesep=\dimen178
\belowbottomsep=\dimen179
\aboverulesep=\dimen180
\abovetopsep=\dimen181
\cmidrulesep=\dimen182
\cmidrulekern=\dimen183
\defaultaddspace=\dimen184
\@cmidla=\count305
\@cmidlb=\count306
\@aboverulesep=\dimen185
\@belowrulesep=\dimen186
\@thisruleclass=\count307
\@lastruleclass=\count308
\@thisrulewidth=\dimen187
) (C:\Program Files\MiKTeX 25.12\tex/latex/tools\longtable.sty
Package: longtable 2026-01-28 v4.27 Multi-page Table package (DPC)
\LTleft=\skip56
\LTright=\skip57
\LTpre=\skip58
\LTpost=\skip59
\LTchunksize=\count309
\LTcapwidth=\dimen188
\LT@head=\box58
\LT@firsthead=\box59
\LT@foot=\box60
\LT@lastfoot=\box61
\LT@gbox=\box62
\LT@cols=\count310
\LT@rows=\count311
\c@LT@tables=\count312
\c@LT@chunks=\count313
\LT@p@ftn=\toks28
) (C:\Program Files\MiKTeX 25.12\tex/latex/tools\array.sty
Package: array 2026/02/24 v2.7b Tabular extension package (FMi)
\col@sep=\dimen189
\ar@mcellbox=\box63
\extrarowheight=\dimen190
\NC@list=\toks29
\extratabsurround=\skip60
\backup@length=\skip61
\ar@cellbox=\box64
) (C:\Program Files\MiKTeX 25.12\tex/latex/multirow\multirow.sty
Package: multirow 2024/11/12 v2.9 Span multiple rows of a table
\multirow@colwidth=\skip62
\multirow@cntb=\count314
\multirow@dima=\skip63
\bigstrutjot=\dimen191
) (C:\Program Files\MiKTeX 25.12\tex/latex/wrapfig\wrapfig.sty
\wrapoverhang=\dimen192
\WF@size=\dimen193
\c@WF@wrappedlines=\count315
\WF@box=\box65
\WF@everypar=\toks30
Package: wrapfig 2003/01/31  v 3.6
) (C:\Program Files\MiKTeX 25.12\tex/latex/float\float.sty
Package: float 2001/11/08 v1.3d Float enhancements (AL)
\c@float@type=\count316
\float@exts=\toks31
\float@box=\box66
\@float@everytoks=\toks32
\@floatcapt=\box67
) (C:\Program Files\MiKTeX 25.12\tex/latex/colortbl\colortbl.sty
Package: colortbl 2026/05/01 v1.0l Color table columns (DPC)
new hooks used!!
\minrowclearance=\skip64
\rownum=\count317
) (C:\Program Files\MiKTeX 25.12\tex/latex/pdflscape\pdflscape.sty
Package: pdflscape 2022-10-27 v0.13 Display of landscape pages in PDF
(C:\Program Files\MiKTeX 25.12\tex/latex/pdflscape\pdflscape-nometadata.sty
Package: pdflscape-nometadata 2022-10-28 v0.13 Display of landscape pages in PD
F (HO)
(C:\Program Files\MiKTeX 25.12\tex/latex/graphics\lscape.sty
Package: lscape 2020/05/28 v3.02 Landscape Pages (DPC)
)
Package pdflscape Info: Auto-detected driver: pdftex on input line 81.
)) (C:\Program Files\MiKTeX 25.12\tex/latex/tabu\tabu.sty
Package: tabu 2019/01/11 v2.9 - flexible LaTeX tabulars (FC+tabu-fixed)
(C:\Program Files\MiKTeX 25.12\tex/latex/varwidth\varwidth.sty
Package: varwidth 2009/03/30 ver 0.92;  Variable-width minipages
\@vwid@box=\box68
\sift@deathcycles=\count318
\@vwid@loff=\dimen194
\@vwid@roff=\dimen195
)
==> First Aid for varwidth.sty applied!
\c@taburow=\count319
\tabu@nbcols=\count320
\tabu@cnt=\count321
\tabu@Xcol=\count322
\tabu@alloc=\count323
\tabu@nested=\count324
\tabu@target=\dimen196
\tabu@spreadtarget=\dimen197
\tabu@naturalX=\dimen198
\tabucolX=\dimen199
\tabu@Xsum=\dimen256
\extrarowdepth=\dimen257
\abovetabulinesep=\dimen258
\belowtabulinesep=\dimen259
\tabustrutrule=\dimen260
\tabu@thebody=\toks33
\tabu@footnotes=\toks34
\tabu@box=\box69
\tabu@arstrutbox=\box70
\tabu@hleads=\box71
\tabu@vleads=\box72
\tabu@cellskip=\skip65
) (C:\Program Files\MiKTeX 25.12\tex/latex/threeparttable\threeparttable.sty
Package: threeparttable 2003/06/13  v 3.0
\@tempboxb=\box73
) (C:\Program Files\MiKTeX 25.12\tex/latex/threeparttablex\threeparttablex.sty
Package: threeparttablex 2013/07/23 v0.3 by daleif
(C:\Program Files\MiKTeX 25.12\tex/latex/environ\environ.sty
Package: environ 2014/05/04 v0.3 A new way to define environments
(C:\Program Files\MiKTeX 25.12\tex/latex/trimspaces\trimspaces.sty
Package: trimspaces 2009/09/17 v1.1 Trim spaces around a token list
))
\TPTL@width=\skip66
) (C:\Program Files\MiKTeX 25.12\tex/latex/ulem\ulem.sty
\UL@box=\box74
\UL@hyphenbox=\box75
\UL@skip=\skip67
\UL@hook=\toks35
\UL@height=\dimen261
\UL@pe=\count325
\UL@pixel=\dimen262
\ULC@box=\box76
Package: ulem 2019/11/18
\ULdepth=\dimen263
) (C:\Program Files\MiKTeX 25.12\tex/latex/makecell\makecell.sty
Package: makecell 2009/08/03 V0.1e Managing of Tab Column Heads and Cells
\rotheadsize=\dimen264
\c@nlinenum=\count326
\TeXr@lab=\toks36
) (C:\Program Files\MiKTeX 25.12\tex/latex/bookmark\bookmark.sty
Package: bookmark 2026-05-21 v1.32 PDF bookmarks (HO)
(C:\Program Files\MiKTeX 25.12\tex/latex/hyperref\hyperref.sty
Package: hyperref 2026-04-24 v7.01q Hypertext links for LaTeX
(C:\Program Files\MiKTeX 25.12\tex/generic/kvdefinekeys\kvdefinekeys.sty
Package: kvdefinekeys 2019-12-19 v1.6 Define keys (HO)
) (C:\Program Files\MiKTeX 25.12\tex/generic/pdfescape\pdfescape.sty
Package: pdfescape 2019/12/09 v1.15 Implements pdfTeX's escape features (HO)
(C:\Program Files\MiKTeX 25.12\tex/generic/pdftexcmds\pdftexcmds.sty
Package: pdftexcmds 2020-06-27 v0.33 Utility functions of pdfTeX for LuaTeX (HO
)
(C:\Program Files\MiKTeX 25.12\tex/generic/infwarerr\infwarerr.sty
Package: infwarerr 2019/12/03 v1.5 Providing info/warning/error messages (HO)
)
Package pdftexcmds Info: \pdf@primitive is available.
Package pdftexcmds Info: \pdf@ifprimitive is available.
Package pdftexcmds Info: \pdfdraftmode found.
)) (C:\Program Files\MiKTeX 25.12\tex/latex/hycolor\hycolor.sty
Package: hycolor 2020-01-27 v1.10 Color options for hyperref/bookmark (HO)
) (C:\Program Files\MiKTeX 25.12\tex/latex/hyperref\nameref.sty
Package: nameref 2026-01-29 v2.58 Cross-referencing by name of section
(C:\Program Files\MiKTeX 25.12\tex/latex/refcount\refcount.sty
Package: refcount 2019/12/15 v3.6 Data extraction from label references (HO)
) (C:\Program Files\MiKTeX 25.12\tex/generic/gettitlestring\gettitlestring.sty
Package: gettitlestring 2019/12/15 v1.6 Cleanup title references (HO)
)
\c@section@level=\count327
) (C:\Program Files\MiKTeX 25.12\tex/generic/stringenc\stringenc.sty
Package: stringenc 2019/11/29 v1.12 Convert strings between diff. encodings (HO
)
)
\@linkdim=\dimen265
\Hy@linkcounter=\count328
\Hy@pagecounter=\count329
(C:\Program Files\MiKTeX 25.12\tex/latex/hyperref\pd1enc.def
File: pd1enc.def 2026-04-24 v7.01q Hyperref: PDFDocEncoding definition (HO)
Now handling font encoding PD1 ...
... no UTF-8 mapping file for font encoding PD1
) (C:\Program Files\MiKTeX 25.12\tex/generic/intcalc\intcalc.sty
Package: intcalc 2019/12/15 v1.3 Expandable calculations with integers (HO)
)
\Hy@SavedSpaceFactor=\count330
(C:\Program Files\MiKTeX 25.12\tex/latex/hyperref\puenc.def
File: puenc.def 2026-04-24 v7.01q Hyperref: PDF Unicode definition (HO)
Now handling font encoding PU ...
... no UTF-8 mapping file for font encoding PU
)
Package hyperref Info: Option `unicode' set `true' on input line 4070.
Package hyperref Info: Hyper figures OFF on input line 4199.
Package hyperref Info: Link nesting OFF on input line 4204.
Package hyperref Info: Hyper index ON on input line 4207.
Package hyperref Info: Plain pages OFF on input line 4214.
Package hyperref Info: Backreferencing OFF on input line 4219.
Package hyperref Info: Implicit mode ON; LaTeX internals redefined.
Package hyperref Info: Bookmarks ON on input line 4466.
\c@Hy@tempcnt=\count331
(C:\Program Files\MiKTeX 25.12\tex/latex/url\url.sty
\Urlmuskip=\muskip18
Package: url 2013/09/16  ver 3.4  Verb mode for urls, etc.
)
LaTeX Info: Redefining \url on input line 4805.
\XeTeXLinkMargin=\dimen266
(C:\Program Files\MiKTeX 25.12\tex/generic/bitset\bitset.sty
Package: bitset 2019/12/09 v1.3 Handle bit-vector datatype (HO)
(C:\Program Files\MiKTeX 25.12\tex/generic/bigintcalc\bigintcalc.sty
Package: bigintcalc 2019/12/15 v1.5 Expandable calculations on big integers (HO
)
))
\Fld@menulength=\count332
\Field@Width=\dimen267
\Fld@charsize=\dimen268
Package hyperref Info: Hyper figures OFF on input line 6091.
Package hyperref Info: Link nesting OFF on input line 6096.
Package hyperref Info: Hyper index ON on input line 6099.
Package hyperref Info: backreferencing OFF on input line 6106.
Package hyperref Info: Link coloring OFF on input line 6111.
Package hyperref Info: Link coloring with OCG OFF on input line 6116.
Package hyperref Info: PDF/A mode OFF on input line 6121.
\Hy@abspage=\count333
\c@Item=\count334
\c@Hfootnote=\count335
)
Package hyperref Info: Driver (autodetected): hpdftex.
(C:\Program Files\MiKTeX 25.12\tex/latex/hyperref\hpdftex.def
File: hpdftex.def 2026-04-24 v7.01q Hyperref driver for pdfTeX
\Fld@listcount=\count336
\c@bookmark@seq@number=\count337
(C:\Program Files\MiKTeX 25.12\tex/latex/rerunfilecheck\rerunfilecheck.sty
Package: rerunfilecheck 2025-06-21 v1.11 Rerun checks for auxiliary files (HO)
(C:\Program Files\MiKTeX 25.12\tex/generic/uniquecounter\uniquecounter.sty
Package: uniquecounter 2019/12/15 v1.4 Provide unlimited unique counter (HO)
)
Package uniquecounter Info: New unique counter `rerunfilecheck' on input line 2
84.
)
\Hy@SectionHShift=\skip68
) (C:\Program Files\MiKTeX 25.12\tex/latex/l3backend\l3backend-pdftex.def
File: l3backend-pdftex.def 2026-02-18 L3 backend support: PDF output (pdfTeX)
\l__color_backend_stack_int=\count338
) (C:\Program Files\MiKTeX 25.12\tex/latex/bookmark\bkm-pdftex.def
File: bkm-pdftex.def 2026-05-21 v1.32 bookmark driver for pdfTeX (HO)
\BKM@id=\count339
)) (C:\Program Files\MiKTeX 25.12\tex/latex/xurl\xurl.sty
Package: xurl 2022/01/09 v 0.10 modify URL breaks
)
LaTeX Font Info:    Trying to load font information for T1+lmr on input line 12
7.
(C:\Program Files\MiKTeX 25.12\tex/latex/lm\t1lmr.fd
File: t1lmr.fd 2015/05/01 v1.6.1 Font defs for Latin Modern
) (DiffuChannel_benchmark.aux

LaTeX Warning: Label `tab:preflight' multiply defined.


LaTeX Warning: Label `tab:rate' multiply defined.


LaTeX Warning: Label `tab:level-and-seg' multiply defined.


LaTeX Warning: Label `tab:analyse' multiply defined.


LaTeX Warning: Label `tab:analyse' multiply defined.


LaTeX Warning: Label `tab:bursts' multiply defined.


LaTeX Warning: Label `tab:bursts' multiply defined.


LaTeX Warning: Label `tab:self-consistency' multiply defined.

)
\openout1 = `DiffuChannel_benchmark.aux'.

LaTeX Font Info:    Checking defaults for OML/cmm/m/it on input line 127.
LaTeX Font Info:    ... okay on input line 127.
LaTeX Font Info:    Checking defaults for OMS/cmsy/m/n on input line 127.
LaTeX Font Info:    ... okay on input line 127.
LaTeX Font Info:    Checking defaults for OT1/cmr/m/n on input line 127.
LaTeX Font Info:    ... okay on input line 127.
LaTeX Font Info:    Checking defaults for T1/cmr/m/n on input line 127.
LaTeX Font Info:    ... okay on input line 127.
LaTeX Font Info:    Checking defaults for TS1/cmr/m/n on input line 127.
LaTeX Font Info:    ... okay on input line 127.
LaTeX Font Info:    Checking defaults for OMX/cmex/m/n on input line 127.
LaTeX Font Info:    ... okay on input line 127.
LaTeX Font Info:    Checking defaults for U/cmr/m/n on input line 127.
LaTeX Font Info:    ... okay on input line 127.
LaTeX Font Info:    Checking defaults for PD1/pdf/m/n on input line 127.
LaTeX Font Info:    ... okay on input line 127.
LaTeX Font Info:    Checking defaults for PU/pdf/m/n on input line 127.
LaTeX Font Info:    ... okay on input line 127.
Package microtype Info: Patching varwidth to enable character protrusion.
\MT@vwid@leftmargin=\dimen269
\MT@vwid@rightmargin=\dimen270
LaTeX Info: Redefining \microtypecontext on input line 127.
Package microtype Info: Applying patch `item' on input line 127.
Package microtype Info: Applying patch `toc' on input line 127.
Package microtype Info: Applying patch `eqnum' on input line 127.
Package microtype Info: Applying patch `footnote' on input line 127.
Package microtype Info: Applying patch `verbatim' on input line 127.
LaTeX Info: Redefining \microtypesetup on input line 127.
Package microtype Info: Generating PDF output.
Package microtype Info: Character protrusion enabled (level 2).
Package microtype Info: Using protrusion set `basicmath'.
Package microtype Info: Automatic font expansion enabled (level 2),
(microtype)             stretch: 20, shrink: 20, step: 1, non-selected.
Package microtype Info: Using default expansion set `alltext-nott'.
Package microtype Info: Patching command `\showhyphens'.
Package microtype Info: No adjustment of tracking.
Package microtype Info: No adjustment of interword spacing.
Package microtype Info: No adjustment of character kerning.
(C:\Program Files\MiKTeX 25.12\tex/latex/microtype\mt-cmr.cfg
File: mt-cmr.cfg 2013/05/19 v2.2 microtype config. file: Computer Modern Roman 
(RS)
) (C:\Program Files\MiKTeX 25.12\tex/context/base/mkii\supp-pdf.mkii
[Loading MPS to PDF converter (version 2006.09.02).]
\scratchcounter=\count340
\scratchdimen=\dimen271
\scratchbox=\box77
\nofMPsegments=\count341
\nofMParguments=\count342
\everyMPshowfont=\toks37
\MPscratchCnt=\count343
\MPscratchDim=\dimen272
\MPnumerator=\count344
\makeMPintoPDFobject=\count345
\everyMPtoPDFconversion=\toks38
) (C:\Program Files\MiKTeX 25.12\tex/latex/epstopdf-pkg\epstopdf-base.sty
Package: epstopdf-base 2020-01-24 v2.11 Base part for package epstopdf
Package epstopdf-base Info: Redefining graphics rule for `.eps' on input line 4
85.
(C:\Program Files\MiKTeX 25.12\tex/latex/00miktex\epstopdf-sys.cfg
File: epstopdf-sys.cfg 2021/03/18 v2.0 Configuration of epstopdf for MiKTeX
))
*geometry* driver: auto-detecting
*geometry* detected driver: pdftex
*geometry* verbose mode - [ preamble ] result:
* driver: pdftex
* paper: <default>
* layout: <same size as paper>
* layoutoffset:(h,v)=(0.0pt,0.0pt)
* modes: 
* h-part:(L,W,R)=(72.26999pt, 469.75502pt, 72.26999pt)
* v-part:(T,H,B)=(72.26999pt, 650.43001pt, 72.26999pt)
* \paperwidth=614.295pt
* \paperheight=794.96999pt
* \textwidth=469.75502pt
* \textheight=650.43001pt
* \oddsidemargin=0.0pt
* \evensidemargin=0.0pt
* \topmargin=-37.0pt
* \headheight=12.0pt
* \headsep=25.0pt
* \topskip=10.0pt
* \footskip=30.0pt
* \marginparwidth=65.0pt
* \marginparsep=11.0pt
* \columnsep=10.0pt
* \skip\footins=9.0pt plus 4.0pt minus 2.0pt
* \hoffset=0.0pt
* \voffset=0.0pt
* \mag=1000
* \@twocolumnfalse
* \@twosidefalse
* \@mparswitchfalse
* \@reversemarginfalse
* (1in=72.27pt=25.4mm, 1cm=28.453pt)

Package hyperref Info: Link coloring OFF on input line 127.
(DiffuChannel_benchmark.toc
LaTeX Font Info:    Trying to load font information for OT1+lmr on input line 7
.
(C:\Program Files\MiKTeX 25.12\tex/latex/lm\ot1lmr.fd
File: ot1lmr.fd 2015/05/01 v1.6.1 Font defs for Latin Modern
)
LaTeX Font Info:    Trying to load font information for OML+lmm on input line 7
.
(C:\Program Files\MiKTeX 25.12\tex/latex/lm\omllmm.fd
File: omllmm.fd 2015/05/01 v1.6.1 Font defs for Latin Modern
)
LaTeX Font Info:    Trying to load font information for OMS+lmsy on input line 
7.
(C:\Program Files\MiKTeX 25.12\tex/latex/lm\omslmsy.fd
File: omslmsy.fd 2015/05/01 v1.6.1 Font defs for Latin Modern
)
LaTeX Font Info:    Trying to load font information for OMX+lmex on input line 
7.
(C:\Program Files\MiKTeX 25.12\tex/latex/lm\omxlmex.fd
File: omxlmex.fd 2015/05/01 v1.6.1 Font defs for Latin Modern
)
LaTeX Font Info:    External font `lmex10' loaded for size
(Font)              <10> on input line 7.
LaTeX Font Info:    External font `lmex10' loaded for size
(Font)              <7> on input line 7.
LaTeX Font Info:    External font `lmex10' loaded for size
(Font)              <5> on input line 7.
LaTeX Font Info:    Trying to load font information for U+msa on input line 7.
(C:\Program Files\MiKTeX 25.12\tex/latex/amsfonts\umsa.fd
File: umsa.fd 2013/01/14 v3.01 AMS symbols A
) (C:\Program Files\MiKTeX 25.12\tex/latex/microtype\mt-msa.cfg
File: mt-msa.cfg 2006/02/04 v1.1 microtype config. file: AMS symbols (a) (RS)
)
LaTeX Font Info:    Trying to load font information for U+msb on input line 7.
(C:\Program Files\MiKTeX 25.12\tex/latex/amsfonts\umsb.fd
File: umsb.fd 2013/01/14 v3.01 AMS symbols B
) (C:\Program Files\MiKTeX 25.12\tex/latex/microtype\mt-msb.cfg
File: mt-msb.cfg 2005/06/01 v1.0 microtype config. file: AMS symbols (b) (RS)
))
\tf@toc=\write4
\openout4 = `DiffuChannel_benchmark.toc'.

[1

{C:/Users/rbj/AppData/Local/MiKTeX/fonts/map/pdftex/pdftex.map}{C:/Program File
s/MiKTeX 25.12/fonts/enc/dvips/lm/lm-ec.enc}]
LaTeX Font Info:    Trying to load font information for T1+lmtt on input line 1
45.
(C:\Program Files\MiKTeX 25.12\tex/latex/lm\t1lmtt.fd
File: t1lmtt.fd 2015/05/01 v1.6.1 Font defs for Latin Modern
)
LaTeX Font Info:    Font shape `T1/lmtt/bx/n' in size <10> not available
(Font)              Font shape `T1/lmtt/b/n' tried instead on input line 146.
LaTeX Font Info:    Trying to load font information for TS1+lmtt on input line 
186.
(C:\Program Files\MiKTeX 25.12\tex/latex/lm\ts1lmtt.fd
File: ts1lmtt.fd 2015/05/01 v1.6.1 Font defs for Latin Modern
) [2{C:/Program Files/MiKTeX 25.12/fonts/enc/dvips/lm/lm-ts1.enc}]
Underfull \vbox (badness 10000) detected at line 260
 []


Underfull \vbox (badness 10000) detected at line 260
 []

[3] [4]
Underfull \vbox (badness 10000) detected at line 398
 []


Underfull \vbox (badness 10000) detected at line 398
 []

[5] [6]
Underfull \vbox (badness 10000) detected at line 761
 []


Underfull \vbox (badness 10000) detected at line 761
 []

[7]
Underfull \vbox (badness 10000) detected at line 761
 []


Underfull \vbox (badness 10000) detected at line 761
 []

[8]
Underfull \vbox (badness 10000) detected at line 761
 []


Underfull \vbox (badness 10000) detected at line 761
 []

[9]
Underfull \vbox (badness 10000) detected at line 761
 []


Underfull \vbox (badness 10000) detected at line 761
 []

[10]
Underfull \vbox (badness 10000) detected at line 761
 []


Underfull \vbox (badness 10000) detected at line 761
 []

[11]
Underfull \vbox (badness 10000) detected at line 761
 []


Underfull \vbox (badness 10000) detected at line 761
 []

[12]
Overfull \vbox (1.18524pt too high) detected at line 815
 []

[13]
Overfull \hbox (58.06734pt too wide) in alignment at lines 817--828
 [] [] [] [] 
 []

[14] [15]
Overfull \hbox (416.02246pt too wide) in alignment at lines 964--987
 [] [] [] [] [] [] [] [] [] [] [] [] 
 []

[16]
LaTeX Font Info:    Trying to load font information for TS1+lmr on input line 1
008.
(C:\Program Files\MiKTeX 25.12\tex/latex/lm\ts1lmr.fd
File: ts1lmr.fd 2015/05/01 v1.6.1 Font defs for Latin Modern
) [17] [18] [19]
Underfull \vbox (badness 10000) detected at line 1264
 []


Underfull \vbox (badness 10000) detected at line 1264
 []

[20] [21]
Underfull \vbox (badness 10000) detected at line 1548
 []

[22]
Underfull \vbox (badness 10000) detected at line 1548
 []


Underfull \vbox (badness 10000) detected at line 1548
 []

[23]
Underfull \vbox (badness 10000) detected at line 1548
 []


Underfull \vbox (badness 10000) detected at line 1548
 []

[24]
Underfull \vbox (badness 10000) detected at line 1548
 []


Underfull \vbox (badness 10000) detected at line 1548
 []

[25]
Overfull \hbox (335.62244pt too wide) in alignment at lines 1550--1561
 [] [] [] [] [] [] [] [] [] 
 []


Overfull \hbox (473.38237pt too wide) in alignment at lines 1579--1590
 [] [] [] [] [] [] [] [] [] [] [] [] [] [] 
 []

[26] [27] [28] [29] [30] [31] [32]
<DiffuChannel_benchmark_files/figure-latex/paired-1.pdf, id=220, 578.16pt x 361
.35pt>
File: DiffuChannel_benchmark_files/figure-latex/paired-1.pdf Graphic file (type
 pdf)
<use DiffuChannel_benchmark_files/figure-latex/paired-1.pdf>
Package pdftex.def Info: DiffuChannel_benchmark_files/figure-latex/paired-1.pdf
  used on input line 2030.
(pdftex.def)             Requested size: 578.15858pt x 361.34912pt.
[33]
Underfull \vbox (badness 10000) detected at line 2094
 []

[34 <./DiffuChannel_benchmark_files/figure-latex/paired-1.pdf>]
Overfull \hbox (377.96638pt too wide) in alignment at lines 2096--2116
 [] [] [] [] [] [] [] [] [] [] [] [] [] 
 []

[35] [36]
<DiffuChannel_benchmark_files/figure-latex/fig-traces-1.pdf, id=244, 578.16pt x
 505.89pt>
File: DiffuChannel_benchmark_files/figure-latex/fig-traces-1.pdf Graphic file (
type pdf)
<use DiffuChannel_benchmark_files/figure-latex/fig-traces-1.pdf>
Package pdftex.def Info: DiffuChannel_benchmark_files/figure-latex/fig-traces-1
.pdf  used on input line 2226.
(pdftex.def)             Requested size: 578.15858pt x 505.88875pt.
[37 <./DiffuChannel_benchmark_files/figure-latex/fig-traces-1.pdf>]
<DiffuChannel_benchmark_files/figure-latex/fig-ideal-1.pdf, id=256, 578.16pt x 
505.89pt>
File: DiffuChannel_benchmark_files/figure-latex/fig-ideal-1.pdf Graphic file (t
ype pdf)
<use DiffuChannel_benchmark_files/figure-latex/fig-ideal-1.pdf>
Package pdftex.def Info: DiffuChannel_benchmark_files/figure-latex/fig-ideal-1.
pdf  used on input line 2255.
(pdftex.def)             Requested size: 578.15858pt x 505.88875pt.

Overfull \vbox (1.32527pt too high) detected at line 2278
 []

[38 <./DiffuChannel_benchmark_files/figure-latex/fig-ideal-1.pdf>]
<DiffuChannel_benchmark_files/figure-latex/fig-amp-1.pdf, id=267, 578.16pt x 43
3.62pt>
File: DiffuChannel_benchmark_files/figure-latex/fig-amp-1.pdf Graphic file (typ
e pdf)
<use DiffuChannel_benchmark_files/figure-latex/fig-amp-1.pdf>
Package pdftex.def Info: DiffuChannel_benchmark_files/figure-latex/fig-amp-1.pd
f  used on input line 2280.
(pdftex.def)             Requested size: 578.15858pt x 433.61894pt.
[39 <./DiffuChannel_benchmark_files/figure-latex/fig-amp-1.pdf>]
<DiffuChannel_benchmark_files/figure-latex/fig-noise-1.pdf, id=281, 578.16pt x 
433.62pt>
File: DiffuChannel_benchmark_files/figure-latex/fig-noise-1.pdf Graphic file (t
ype pdf)
<use DiffuChannel_benchmark_files/figure-latex/fig-noise-1.pdf>
Package pdftex.def Info: DiffuChannel_benchmark_files/figure-latex/fig-noise-1.
pdf  used on input line 2328.
(pdftex.def)             Requested size: 578.15858pt x 433.61894pt.
<DiffuChannel_benchmark_files/figure-latex/fig-noise-2.pdf, id=282, 578.16pt x 
433.62pt>
File: DiffuChannel_benchmark_files/figure-latex/fig-noise-2.pdf Graphic file (t
ype pdf)
<use DiffuChannel_benchmark_files/figure-latex/fig-noise-2.pdf>
Package pdftex.def Info: DiffuChannel_benchmark_files/figure-latex/fig-noise-2.
pdf  used on input line 2336.
(pdftex.def)             Requested size: 578.15858pt x 433.61894pt.
[40 <./DiffuChannel_benchmark_files/figure-latex/fig-noise-1.pdf>] [41 <./Diffu
Channel_benchmark_files/figure-latex/fig-noise-2.pdf>]
<DiffuChannel_benchmark_files/figure-latex/fig-dwell-1.pdf, id=304, 578.16pt x 
505.89pt>
File: DiffuChannel_benchmark_files/figure-latex/fig-dwell-1.pdf Graphic file (t
ype pdf)
<use DiffuChannel_benchmark_files/figure-latex/fig-dwell-1.pdf>
Package pdftex.def Info: DiffuChannel_benchmark_files/figure-latex/fig-dwell-1.
pdf  used on input line 2373.
(pdftex.def)             Requested size: 578.15858pt x 505.88875pt.

Overfull \vbox (2.15079pt too high) detected at line 2421
 []

[42 <./DiffuChannel_benchmark_files/figure-latex/fig-dwell-1.pdf>]
<DiffuChannel_benchmark_files/figure-latex/dwellbars-1.pdf, id=318, 578.16pt x 
505.89pt>
File: DiffuChannel_benchmark_files/figure-latex/dwellbars-1.pdf Graphic file (t
ype pdf)
<use DiffuChannel_benchmark_files/figure-latex/dwellbars-1.pdf>
Package pdftex.def Info: DiffuChannel_benchmark_files/figure-latex/dwellbars-1.
pdf  used on input line 2423.
(pdftex.def)             Requested size: 578.15858pt x 505.88875pt.
[43] [44 <./DiffuChannel_benchmark_files/figure-latex/dwellbars-1.pdf>]
Underfull \vbox (badness 10000) detected at line 2523
 []


Underfull \vbox (badness 10000) detected at line 2523
 []

[45]
Overfull \hbox (287.86874pt too wide) in alignment at lines 2525--2541
 [] [] [] [] [] [] [] [] [] [] 
 []


Overfull \hbox (43.6883pt too wide) in alignment at lines 2563--2590
 [] [] [] [] [] [] [] [] 
 []

[46] [47]
<DiffuChannel_benchmark_files/figure-latex/burst_fig-1.pdf, id=352, 578.16pt x 
505.89pt>
File: DiffuChannel_benchmark_files/figure-latex/burst_fig-1.pdf Graphic file (t
ype pdf)
<use DiffuChannel_benchmark_files/figure-latex/burst_fig-1.pdf>
Package pdftex.def Info: DiffuChannel_benchmark_files/figure-latex/burst_fig-1.
pdf  used on input line 2652.
(pdftex.def)             Requested size: 578.15858pt x 505.88875pt.
[48 <./DiffuChannel_benchmark_files/figure-latex/burst_fig-1.pdf>]
Underfull \vbox (badness 10000) detected at line 2734
 []

[49]
<DiffuChannel_benchmark_files/figure-latex/burst_bars-1.pdf, id=371, 578.16pt x
 505.89pt>
File: DiffuChannel_benchmark_files/figure-latex/burst_bars-1.pdf Graphic file (
type pdf)
<use DiffuChannel_benchmark_files/figure-latex/burst_bars-1.pdf>
Package pdftex.def Info: DiffuChannel_benchmark_files/figure-latex/burst_bars-1
.pdf  used on input line 2736.
(pdftex.def)             Requested size: 578.15858pt x 505.88875pt.
[50 <./DiffuChannel_benchmark_files/figure-latex/burst_bars-1.pdf>]
Underfull \vbox (badness 3138) detected at line 2975
 []

[51]
Underfull \vbox (badness 10000) detected at line 2975
 []


Underfull \vbox (badness 10000) detected at line 2975
 []

[52]
Underfull \vbox (badness 10000) detected at line 2975
 []


Underfull \vbox (badness 10000) detected at line 2975
 []

[53]
Underfull \vbox (badness 10000) detected at line 2975
 []


Underfull \vbox (badness 10000) detected at line 2975
 []

[54]
Overfull \hbox (638.43918pt too wide) in alignment at lines 2977--3000
 [] [] [] [] [] [] [] [] [] [] [] 
 []

[55]
Overfull \hbox (241.74359pt too wide) in alignment at lines 3039--3050
 [] [] [] [] [] [] [] [] [] [] [] 
 []

[56]
<DiffuChannel_benchmark_files/figure-latex/fig-selfcon-1.pdf, id=412, 722.7pt x
 505.89pt>
File: DiffuChannel_benchmark_files/figure-latex/fig-selfcon-1.pdf Graphic file 
(type pdf)
<use DiffuChannel_benchmark_files/figure-latex/fig-selfcon-1.pdf>
Package pdftex.def Info: DiffuChannel_benchmark_files/figure-latex/fig-selfcon-
1.pdf  used on input line 3127.
(pdftex.def)             Requested size: 722.69823pt x 505.88875pt.
[57]
<DiffuChannel_benchmark_files/figure-latex/fig-env-1.pdf, id=417, 578.16pt x 43
3.62pt>
File: DiffuChannel_benchmark_files/figure-latex/fig-env-1.pdf Graphic file (typ
e pdf)
<use DiffuChannel_benchmark_files/figure-latex/fig-env-1.pdf>
Package pdftex.def Info: DiffuChannel_benchmark_files/figure-latex/fig-env-1.pd
f  used on input line 3152.
(pdftex.def)             Requested size: 578.15858pt x 433.61894pt.
[58 <./DiffuChannel_benchmark_files/figure-latex/fig-selfcon-1.pdf>] [59 <./Dif
fuChannel_benchmark_files/figure-latex/fig-env-1.pdf>]
<DiffuChannel_benchmark_files/figure-latex/fig-manifold-1.pdf, id=444, 542.025p
t x 867.24pt>
File: DiffuChannel_benchmark_files/figure-latex/fig-manifold-1.pdf Graphic file
 (type pdf)
<use DiffuChannel_benchmark_files/figure-latex/fig-manifold-1.pdf>
Package pdftex.def Info: DiffuChannel_benchmark_files/figure-latex/fig-manifold
-1.pdf  used on input line 3240.
(pdftex.def)             Requested size: 542.02367pt x 867.2379pt.
[60] [61 <./DiffuChannel_benchmark_files/figure-latex/fig-manifold-1.pdf>]
<DiffuChannel_benchmark_files/figure-latex/fig-manifold-2.pdf, id=464, 542.025p
t x 867.24pt>
File: DiffuChannel_benchmark_files/figure-latex/fig-manifold-2.pdf Graphic file
 (type pdf)
<use DiffuChannel_benchmark_files/figure-latex/fig-manifold-2.pdf>
Package pdftex.def Info: DiffuChannel_benchmark_files/figure-latex/fig-manifold
-2.pdf  used on input line 3248.
(pdftex.def)             Requested size: 542.02367pt x 867.2379pt.
[62] [63 <./DiffuChannel_benchmark_files/figure-latex/fig-manifold-2.pdf>]
Overfull \hbox (70.55pt too wide) in alignment at lines 3302--3354
 [] [] [] 
 []

[64] [65] [66] (DiffuChannel_benchmark.aux)
 ***********
LaTeX2e <2026-06-01>
L3 programming layer <2026-05-26>
 ***********

LaTeX Warning: There were multiply-defined labels.

 ) 
Here is how much of TeX's memory you used:
 16065 strings out of 467471
 256942 string characters out of 5414532
 812778 words of memory out of 5000000
 44825 multiletter control sequences out of 15000+600000
 672584 words of font info for 124 fonts, out of 8000000 for 9000
 1141 hyphenation exceptions out of 8191
 83i,7n,93p,1021b,674s stack positions out of 10000i,1000n,20000p,200000b,200000s
<C:/Program Files/MiKTeX 25.12/fonts/type1/public/lm/lmbx10.pfb><C:/Program F
iles/MiKTeX 25.12/fonts/type1/public/lm/lmbx12.pfb><C:/Program Files/MiKTeX 25.
12/fonts/type1/public/lm/lmr10.pfb><C:/Program Files/MiKTeX 25.12/fonts/type1/p
ublic/lm/lmr12.pfb><C:/Program Files/MiKTeX 25.12/fonts/type1/public/lm/lmr17.p
fb><C:/Program Files/MiKTeX 25.12/fonts/type1/public/lm/lmri10.pfb><C:/Program 
Files/MiKTeX 25.12/fonts/type1/public/lm/lmtk10.pfb><C:/Program Files/MiKTeX 25
.12/fonts/type1/public/lm/lmtt10.pfb><C:/Program Files/MiKTeX 25.12/fonts/type1
/public/lm/lmtti10.pfb>
Output written on DiffuChannel_benchmark.pdf (66 pages, 3751256 bytes).
PDF statistics:
 655 PDF objects out of 1000 (max. 8388607)
 117 named destinations out of 1000 (max. 500000)
 24871 words of extra memory for PDF output out of 24883 (max. 10000000)


! pdflatex: major issue: So far, no MiKTeX administrator has checked for updates.
